12:42PM INF Build Info: Wails=v3.0.0-beta.16 Compiler=go1.27.0 GOAMD64=v1 vcs.time=2026-09-05T12:29:51Z vcs.modified=false -buildmode=exe -compiler=gc CGO_ENABLED=1 CGO_CPPFLAGS= GOARCH=amd64 GOOS=linux vcs=git vcs.revision=953b55e5f6ce708828b8a36a5456d2346bb3e5cf CGO_CFLAGS= CGO_CXXFLAGS= CGO_LDFLAGS=
12:42PM INF AssetServer Info: middleware=true handler=true
12:42PM INF Platform Info: ID=debian Name=Debian GNU/Linux Version=13 Branding=13 (trixie) GTK=4.18.6 WebKitGTK=2.52.6
2026/09/05 12:42:58 dsh-wails-shell: crash-evidence=active dir=/tmp/e2e-B-xdg/config/DSH Desktop/crash-evidence
2026/09/05 12:42:58 dsh-wails-shell: host discover: Desktop Host via HOME:~/.dsh:bin/dsh-desktop → /home/box/.dsh/bin/dsh-desktop
12:42PM WRN [WARNING] Failed to connect to system bus; sleep/wake events will not fire: dial unix /var/run/dbus/system_bus_socket: connect: no such file or directory
dsh-plugin-desktop: Host launcher mode=electron-as-node (profile node_modules present; prefer ELECTRON_RUN_AS_NODE for Electron ABI natives)
12:42PM ERR systray error: failed to register: The name org.kde.StatusNotifierWatcher was not provided by any .service files
Overriding existing handler for signal 10. Set JSC_SIGNAL_FOR_GC if you want WebKit to use a different signal
dsh-plugin-desktop: previous desktop run did not shut down cleanly (startedAt: 2026-09-05T12:42:58.154616808Z, pid: 2418197, version: dev)

** (process:2): WARNING **: 12:42:58.521: Can't connect to a11y bus: Could not connect: No such file or directory
12:42PM INF [AssetFileServerFS] Handling request url=/ file=.
12:42PM INF [AssetFileServerFS] Handling request url=/style.css file=style.css
12:42PM INF [AssetFileServerFS] Handling request url=/bridge.js file=bridge.js
12:42PM INF [AssetFileServerFS] Handling request url=/assets/index-BG3s0XgO.js file=assets/index-BG3s0XgO.js
dsh-plugin-desktop: Wails Host sidecar auto-skipping Desktop Setup Wizard (Electron window skipped)
(node:2418232) [SharpElectronLinux] Warning: Binaries provided by Electron for use on Linux may be incompatible with sharp - see https://sharp.pixelplumbing.com/install#electron-and-linux
(Use `electron --trace-warnings ...` to show where the warning was created)
[dsh-host] DSH_HOST_LAN_HTTPS state=inactive port=null addresses=172.30.0.2 fingerprint=bc195696045409118c4c68fa1384430422bf2b830dbe2f4d952bebf0bed534fa error=null urls=-
[dsh-host] DSH_HOST_READY http://127.0.0.1:43124/?token=4yeq6FWF9Cf2_zLRE9lYQATFrU955DDBCkMIwbR0klA
[dsh-host] DSH_HOST_AUTH_HEADER x-dsh-desktop-renderer QWbddjOZdOwiswQZIOnCQAa_i_ONl9oxV1dD53UpZVY
[dsh-host] DSH_HOST_LAN_HTTPS state=inactive port=null addresses=172.30.0.2 fingerprint=bc195696045409118c4c68fa1384430422bf2b830dbe2f4d952bebf0bed534fa error=null urls=-
dsh-plugin-desktop: Wails Host sidecar ready at http://127.0.0.1:43124/?token=**** (Electron-light GUI skipped=true)
2026/09/05 12:43:00 dsh-wails-shell: loaded Cordis Host UI http://127.0.0.1:34021/

** (process:2): WARNING **: 12:43:00.326: Can't connect to a11y bus: Could not connect: No such file or directory

** (process:2): WARNING **: 12:43:00.498: Can't connect to a11y bus: Could not connect: No such file or directory
