1:30PM INF Build Info: Wails=v3.0.0-beta.16 Compiler=go1.27.0 vcs.revision=80ef134a3942f8caccddf159ce23d9a4cd172171 -buildmode=exe CGO_ENABLED=1 CGO_CPPFLAGS= CGO_CXXFLAGS= vcs.time=2026-09-05T12:58:56Z vcs.modified=true -compiler=gc CGO_CFLAGS= CGO_LDFLAGS= GOARCH=amd64 GOOS=linux GOAMD64=v1 vcs=git
1:30PM INF AssetServer Info: middleware=true handler=true
1:30PM INF Platform Info: ID=debian Name=Debian GNU/Linux Version=13 Branding=13 (trixie) GTK=4.18.6 WebKitGTK=2.52.6
2026/09/05 13:30:27 dsh-wails-shell: crash-evidence=active dir=/tmp/e2e-K-exhaust-xdg/config/DSH Desktop/crash-evidence; previous unclean exit marker present: {
  "startedAt": "2026-09-05T13:29:38.510593044Z",
  "pid": 2442515,
  "version": "dev",
  "ownerId": "2442515-1788614978510477772",
  "shell": "wails",
  "goos": "linux",
  "goarch": "amd64"
}
2026/09/05 13:30:27 dsh-wails-shell: host discover: Desktop Host via HOME:~/.dsh:bin/dsh-desktop → /tmp/e2e-K-exhaust-home/.dsh/bin/dsh-desktop
1:30PM WRN [WARNING] Failed to connect to system bus; sleep/wake events will not fire: dial unix /var/run/dbus/system_bus_socket: connect: no such file or directory
[dsh-host] DSH_HOST_READY http://127.0.0.1:9/
Overriding existing handler for signal 10. Set JSC_SIGNAL_FOR_GC if you want WebKit to use a different signal
2026/09/05 13:30:27 dsh-wails-shell: loaded Cordis Host UI http://127.0.0.1:9/

** (process:2): WARNING **: 13:30:28.047: Can't connect to a11y bus: Could not connect: No such file or directory
[dsh-host] simulating crash
2026/09/05 13:30:28 dsh-wails-shell: host unexpected exit: Host exited unexpectedly: exit status 1
2026/09/05 13:30:28 dsh-wails-shell: host unexpected exit; auto-relaunch 1/3 in 150ms: Host exited unexpectedly: exit status 1
1:30PM INF [AssetFileServerFS] Handling request url=/shell-ui/host-restarting.html file=shell-ui/host-restarting.html
1:30PM INF [AssetFileServerFS] Handling request url=/style.css file=style.css
2026/09/05 13:30:28 dsh-wails-shell: host auto-relaunch succeeded (1/3) → http://127.0.0.1:9/
[dsh-host] DSH_HOST_READY http://127.0.0.1:9/

** (process:2): WARNING **: 13:30:28.390: Can't connect to a11y bus: Could not connect: No such file or directory

** (process:2): WARNING **: 13:30:28.484: Can't connect to a11y bus: Could not connect: No such file or directory
[dsh-host] simulating crash
2026/09/05 13:30:28 dsh-wails-shell: host unexpected exit: Host exited unexpectedly: exit status 1
2026/09/05 13:30:28 dsh-wails-shell: host unexpected exit; auto-relaunch 2/3 in 150ms: Host exited unexpectedly: exit status 1
1:30PM INF [AssetFileServerFS] Handling request url=/shell-ui/host-restarting.html file=shell-ui/host-restarting.html
1:30PM INF [AssetFileServerFS] Handling request url=/style.css file=style.css
2026/09/05 13:30:28 dsh-wails-shell: host auto-relaunch succeeded (2/3) → http://127.0.0.1:9/
[dsh-host] DSH_HOST_READY http://127.0.0.1:9/

** (process:2): WARNING **: 13:30:28.770: Can't connect to a11y bus: Could not connect: No such file or directory

** (process:2): WARNING **: 13:30:28.962: Can't connect to a11y bus: Could not connect: No such file or directory
[dsh-host] simulating crash
2026/09/05 13:30:28 dsh-wails-shell: host unexpected exit: Host exited unexpectedly: exit status 1
2026/09/05 13:30:28 dsh-wails-shell: host unexpected exit; auto-relaunch 3/3 in 150ms: Host exited unexpectedly: exit status 1
1:30PM INF [AssetFileServerFS] Handling request url=/shell-ui/host-restarting.html file=shell-ui/host-restarting.html
1:30PM INF [AssetFileServerFS] Handling request url=/style.css file=style.css
2026/09/05 13:30:29 dsh-wails-shell: host auto-relaunch succeeded (3/3) → http://127.0.0.1:9/
[dsh-host] DSH_HOST_READY http://127.0.0.1:9/

** (process:2): WARNING **: 13:30:29.302: Can't connect to a11y bus: Could not connect: No such file or directory

** (process:2): WARNING **: 13:30:29.391: Can't connect to a11y bus: Could not connect: No such file or directory
[dsh-host] simulating crash
2026/09/05 13:30:29 dsh-wails-shell: host unexpected exit: Host exited unexpectedly: exit status 1
2026/09/05 13:30:29 dsh-wails-shell: host relaunch exhausted (attempts=3 uptime=305.998316ms): Host exited unexpectedly: exit status 1
1:30PM INF [AssetFileServerFS] Handling request url=/shell-ui/host-error.html file=shell-ui/host-error.html
1:30PM INF [AssetFileServerFS] Handling request url=/style.css file=style.css
