# github.com/wailsapp/wails/v3/pkg/application
linux_cgo.c: In function ‘window_move_x11’:
linux_cgo.c:1013:5: warning: ‘gdk_x11_display_get_xdisplay’ is deprecated [-Wdeprecated-declarations]
 1013 |     Display *xdisplay = gdk_x11_display_get_xdisplay(display);
      |     ^~~~~~~
In file included from /usr/include/gtk-4.0/gdk/x11/gdkx.h:39,
                 from linux_cgo.c:6:
/usr/include/gtk-4.0/gdk/x11/gdkx11display.h:60:15: note: declared here
   60 | Display *     gdk_x11_display_get_xdisplay     (GdkDisplay  *display);
      |               ^~~~~~~~~~~~~~~~~~~~~~~~~~~~
linux_cgo.c:1014:5: warning: ‘gdk_x11_surface_get_xid’ is deprecated [-Wdeprecated-declarations]
 1014 |     Window xwindow = gdk_x11_surface_get_xid(GDK_X11_SURFACE(surface));
      |     ^~~~~~
In file included from /usr/include/gtk-4.0/gdk/x11/gdkx.h:47:
/usr/include/gtk-4.0/gdk/x11/gdkx11surface.h:56:10: note: declared here
   56 | Window   gdk_x11_surface_get_xid           (GdkSurface   *surface);
      |          ^~~~~~~~~~~~~~~~~~~~~~~
linux_cgo.c: In function ‘window_get_position_x11’:
linux_cgo.c:1036:5: warning: ‘gdk_x11_display_get_xdisplay’ is deprecated [-Wdeprecated-declarations]
 1036 |     Display *xdisplay = gdk_x11_display_get_xdisplay(display);
      |     ^~~~~~~
/usr/include/gtk-4.0/gdk/x11/gdkx11display.h:60:15: note: declared here
   60 | Display *     gdk_x11_display_get_xdisplay     (GdkDisplay  *display);
      |               ^~~~~~~~~~~~~~~~~~~~~~~~~~~~
linux_cgo.c:1037:5: warning: ‘gdk_x11_surface_get_xid’ is deprecated [-Wdeprecated-declarations]
 1037 |     Window xwindow = gdk_x11_surface_get_xid(GDK_X11_SURFACE(surface));
      |     ^~~~~~
/usr/include/gtk-4.0/gdk/x11/gdkx11surface.h:56:10: note: declared here
   56 | Window   gdk_x11_surface_get_xid           (GdkSurface   *surface);
      |          ^~~~~~~~~~~~~~~~~~~~~~~
linux_cgo.c: In function ‘window_send_always_on_top_x11’:
linux_cgo.c:1067:5: warning: ‘gdk_x11_display_get_xdisplay’ is deprecated [-Wdeprecated-declarations]
 1067 |     Display *xdisplay = gdk_x11_display_get_xdisplay(display);
      |     ^~~~~~~
/usr/include/gtk-4.0/gdk/x11/gdkx11display.h:60:15: note: declared here
   60 | Display *     gdk_x11_display_get_xdisplay     (GdkDisplay  *display);
      |               ^~~~~~~~~~~~~~~~~~~~~~~~~~~~
linux_cgo.c:1068:5: warning: ‘gdk_x11_surface_get_xid’ is deprecated [-Wdeprecated-declarations]
 1068 |     Window xwindow = gdk_x11_surface_get_xid(GDK_X11_SURFACE(surface));
      |     ^~~~~~
/usr/include/gtk-4.0/gdk/x11/gdkx11surface.h:56:10: note: declared here
   56 | Window   gdk_x11_surface_get_xid           (GdkSurface   *surface);
      |          ^~~~~~~~~~~~~~~~~~~~~~~
=== RUN   TestAcceptDiscoverPrint
===ACCEPT_DISCOVER_BEGIN===
Desktop Host via HOME:~/dsh:lib/host-main.js → /tmp/dsh-hit-9j0U/dsh/lib/host-main.js
HIT reason=HOME:~/dsh:lib/host-main.js path=/tmp/dsh-hit-9j0U/dsh/lib/host-main.js
CHECKED DSH_BIN=(unset)
CHECKED DSH_HOME=(unset)
CHECKED /tmp/dsh-hit-9j0U/.dsh/bin/dsh-desktop
CHECKED /tmp/dsh-hit-9j0U/.dsh/bin/dsh-plugin-desktop
CHECKED /tmp/dsh-hit-9j0U/.dsh/lib/host-main.js
CHECKED /tmp/dsh-hit-9j0U/.dsh/dsh-plugin-desktop/lib/host-main.js
CHECKED /tmp/dsh-hit-9j0U/.dsh/lib/bin.js
CHECKED /tmp/dsh-hit-9j0U/dsh/bin/dsh-desktop
CHECKED /tmp/dsh-hit-9j0U/dsh/bin/dsh-plugin-desktop
CHECKED /tmp/dsh-hit-9j0U/dsh/lib/host-main.js
BOOTSTRAP_CMD export DSH_WAILS_HOST_SIDECAR=1; node '/tmp/dsh-hit-9j0U/dsh/lib/host-main.js' --dsh-wails-host-sidecar
===ACCEPT_DISCOVER_END===
--- PASS: TestAcceptDiscoverPrint (0.00s)
PASS
ok  	github.com/xinghaix/dsh-desktop/dsh-plugin-desktop/wails	0.059s
